=== ExecuteBuildSpec 'GitLab Example' [EXE] target 'My Computer' in Oauth2.0.lvproj ===
LabVIEWCLI started logging in file:  C:\Users\ContainerAdministrator\AppData\Local\Temp\lvtemporary_561770.log
Using LabVIEW: "C:\Program Files\National Instruments\LabVIEW 2026\LabVIEW.exe"
LabVIEW launched successfully.
Connection established with LabVIEW at port number 3363.

LabVIEWCLI.exe : Operation output: 
At C:\workspace\.github\labview\build-binaries.ps1:252 char:12
+     $out = & $CliExe @cliArgs 2>&1 | Out-String
+            ~~~~~~~~~~~~~~~~~~~~~~~
    + CategoryInfo          : NotSpecified: (Operation output: :String) [], Re 
   moteException
    + FullyQualifiedErrorId : NativeCommandError
 
Error Code : 1
Error Message : Cannot complete build because following VI loaded broken:

C:\workspace\source\Examples\Gitlab OAuth Test.vi

Open the VI in LabVIEW and fix the listed errors. If the VI loads as expected 
but errors are still detected during the build, contact National Instruments 
technical support for assistance.

Broken VIs:
- Gitlab OAuth Test.vi:
	LabVIEW Object 'OAuthClient': Refers to a broken LabVIEW class

	SubVI 'Oauth2.lvclass:Inject OAuth Client Type.vi': SubVI is not executable

	SubVI 'Oauth2.GitLab.lvclass:Initialize OAuth for GitLab.vi': SubVI is not 
executable

	PropItem: One or more of the set of VIs that this dynamic dispatch subVI or 
property item may call are broken.

	PropItem: One or more of the set of VIs that this dynamic dispatch subVI or 
property item may call are broken.

	PropItem: One or more of the set of VIs that this dynamic dispatch subVI or 
property item may call are broken.

	PropItem: One or more of the set of VIs that this dynamic dispatch subVI or 
property item may call are broken.

	PropItem: Property unavailable

	PropItem: One or more of the set of VIs that this dynamic dispatch subVI or 
property item may call are broken.

	PropItem: One or more of the set of VIs that this dynamic dispatch subVI or 
property item may call are broken.

	PropItem: One or more of the set of VIs that this dynamic dispatch subVI or 
property item may call are broken.

	SubVI 'Get URI.vi': SubVI is missing

	SubVI 'Set Path.vi': SubVI is missing

	SubVI 'New URI.vi': SubVI is missing

	SubVI 'Oauth2.lvclass:HTTP_SetAuthorizationHeader.vi': SubVI is not executable

	SubVI 'Oauth2.lvclass:Read AccessToken.vi': SubVI is not executable

	SubVI 'Oauth2.lvclass:Authorize.vi': SubVI is not executable

	SubVI 'Oauth2.lvclass:Refresh Authorization.vi': SubVI is not executable

- Oauth2.GitLab.lvclass:Initialize OAuth for GitLab.vi:
	SubVI 'Variant_ListElements.vi': SubVI is missing

	SubVI 'Oauth2.lvclass:Configure OAuth.vi': SubVI is not executable

- Oauth2.GitLab.lvclass:Read Created Timestamp.vi:
	SubVI 'Unix Time to Timestamp.vi': SubVI is missing

	SubVI 'Oauth2.GitLab.lvclass:Read Created At.vi': SubVI is not executable

- Oauth2.lvclass:Authorize.vi:
	SubVI 'Oauth2.lvclass:Read timeout.vi': SubVI is not executable

	SubVI 'Close Connection.vi': SubVI is missing

	SubVI 'Read.vi': SubVI is missing

	SubVI 'isConnected.vi': SubVI is missing

	SubVI 'Close Connection.vi': SubVI is missing

	SubVI 'ListenForConnection.vi': SubVI is missing

	SubVI 'Create Listener.vi': SubVI is missing

	SubVI 'Oauth2.lvclass:setTokenElement.vi': SubVI is not executable

	SubVI 'Parse Location.vi': SubVI is not executable

	SubVI 'New URI.vi': SubVI is missing

	SubVI 'Oauth2.lvclass:getTokenElement.vi': SubVI is not executable

	SubVI 'Oauth2.lvclass:getTokenElement.vi': SubVI is not executable

	SubVI 'Write.vi': SubVI is missing

	SubVI 'Write.vi': SubVI is missing

	SubVI 'Write.vi': SubVI is missing

	LabVIEW Class Method SubVI 'Oauth2.lvclass:decode access token response.vi': 
One or more of the set of VIs that this dynamic dispatch subVI or property 
item may call are broken.

	SubVI 'Oauth2.lvclass:retrieve token.vi': SubVI is not executable

	SubVI 'Oauth2.lvclass:close client handle.vi': SubVI is not executable

	SubVI 'Oauth2.lvclass:open client handle.vi': SubVI is not executable

	LabVIEW Class Method SubVI 'Oauth2.lvclass:build token URI.vi': One or more 
of the set of VIs that this dynamic dispatch subVI or property item may call 
are broken.

	SubVI 'Write.vi': SubVI is missing

	SubVI 'Oauth2.lvclass:getTokenElement.vi': SubVI is not executable

	SubVI 'Oauth2.lvclass:getTokenElement.vi': SubVI is not executable

	SubVI 'Oauth2.lvclass:getTokenElement.vi': SubVI is not executable

	SubVI 'Oauth2.lvclass:setTokenElement.vi': SubVI is not executable

	SubVI 'Oauth2.lvclass:setEndpointElement.vi': SubVI is not executable

	SubVI 'Oauth2.lvclass:build auth URI.vi': SubVI is not executable

	LabVIEW Class Method SubVI 'Oauth2.lvclass:request auth code.vi': One or more 
of the set of VIs that this dynamic dispatch subVI or property item may call 
are broken.

	SubVI 'Configure TCP Connection.vi': SubVI is missing

	SubVI 'Read port.vi': SubVI is missing

	SubVI 'Read host.vi': SubVI is missing

	SubVI 'OAuthClient.lvclass:Read Listener Type.vi': SubVI is not executable

	SubVI 'Configure TCP Connection.vi': SubVI is missing

	SubVI 'Read port.vi': SubVI is missing

	SubVI 'Read host.vi': SubVI is missing

	SubVI 'Read scheme.vi': SubVI is missing

	Wire: Class conflict

- Oauth2.lvclass:build auth URI.vi:
	SubVI 'Percent-Decode String.vi': SubVI is missing

	SubVI 'Add to Query.vi': SubVI is missing

	Shift Register: Shift register: Feedback Node: data type is undefined

	LabVIEW Class Method SubVI 'Oauth2.lvclass:transmit additional endpoints.vi': 
One or more of the set of VIs that this dynamic dispatch subVI or property 
item may call are broken.

	SubVI 'Add to Query.vi': SubVI is missing

	SubVI 'Add to Query.vi': SubVI is missing

	Shift Register: Shift register: Feedback Node: data type is undefined

	SubVI 'Base64_Encode.vi': SubVI is missing

	SubVI 'Set Path.vi': SubVI is missing

	LabVIEW Class Method SubVI 'Oauth2.lvclass:relative access path.vi': One or 
more of the set of VIs that this dynamic dispatch subVI or property item may 
call are broken.

	SubVI 'Generate Random String.vi': SubVI is missing

	SubVI 'Get URI.vi': SubVI is missing

	Unbundle By Name: Contains unwired or bad terminal

- Oauth2.lvclass:build refresh token URI.vi:
	SubVI 'Add to Query.vi': SubVI is missing

	Shift Register: Shift register: Feedback Node: data type is undefined

	SubVI 'Set Path.vi': SubVI is missing

	LabVIEW Class Method SubVI 'Oauth2.lvclass:relative access path.vi': One or 
more of the set of VIs that this dynamic dispatch subVI or property item may 
call are broken.

	SubVI 'Get URI.vi': SubVI is missing

	Unbundle By Name: Contains unwired or bad terminal

- Oauth2.lvclass:build token URI.vi:
	SubVI 'Add to Query.vi': SubVI is missing

	SubVI 'Oauth2.lvclass:usesPKCEWorkflow.vi': SubVI is not executable

	SubVI 'Add to Query.vi': SubVI is missing

	Shift Register: Shift register: Feedback Node: data type is undefined

	SubVI 'Set Path.vi': SubVI is missing

	LabVIEW Class Method SubVI 'Oauth2.lvclass:relative access path.vi': One or 
more of the set of VIs that this dynamic dispatch subVI or property item may 
call are broken.

	SubVI 'Get URI.vi': SubVI is missing

	Unbundle By Name: Contains unwired or bad terminal

- Oauth2.lvclass:Configure OAuth.vi:
	Bundle By Name: Contains unwired or bad terminal

	SubVI 'New URI.vi': SubVI is missing

	Unbundle By Name: Contains unwired or bad terminal

	SubVI 'Oauth2.lvclass:Configure PKCE.vi': SubVI is not executable

	SubVI 'Oauth2.lvclass:Read Redirect URI.vi': SubVI is not executable

	SubVI 'New URI.vi': SubVI is missing

	Bundle By Name: Contains unwired or bad terminal

	SubVI 'Oauth2.lvclass:Write Redirect URI.vi': SubVI is not executable

	LabVIEW Class Method SubVI 'Oauth2.lvclass:initialize redirection.vi': One or 
more of the set of VIs that this dynamic dispatch subVI or property item may 
call are broken.

	Unbundle By Name: Contains unwired or bad terminal

- Oauth2.lvclass:Configure PKCE.vi:
	SubVI 'Base64_Encode.vi': SubVI is missing

	SubVI 'Generate Random String.vi': SubVI is missing

- Oauth2.lvclass:Find Values.vi:
	SubVI 'Percent-Decode String.vi': SubVI is missing

- Oauth2.lvclass:initialize redirection.vi:
	SubVI 'Get URI.vi': SubVI is missing

	SubVI 'New URI.vi': SubVI is missing

- Oauth2.lvclass:Oauth2.ctl:
- Oauth2.lvclass:Write Redirect URI.vi:
	SubVI 'Get URI.vi': SubVI is missing

	SubVI 'New URI.vi': SubVI is missing

- Oauth2.lvclass:Write Reverse Proxy URI.vi:
	SubVI 'Get URI.vi': SubVI is missing

	SubVI 'New URI.vi': SubVI is missing

- OAuthClient.lvclass:OAuthClient.ctl:
- OAuthClient.lvclass:Open Client Handle.vi:
	SubVI 'ParseAuthority.vi': SubVI is missing

	SubVI 'ParseURI.vi': SubVI is missing

	SubVI 'OAuthClient.lvclass:Write client handle.vi': SubVI is not executable

- OAuthClient.lvclass:Read Listener Type.vi:
	LabVIEW Object 'Listener Type': Refers to a missing LabVIEW class

	Unbundle By Name: Contains unwired or bad terminal

- OAuthClient.lvclass:Write Listener Type.vi:
	LabVIEW Object 'Listener Type': Refers to a missing LabVIEW class

	Bundle By Name: Contains unwired or bad terminal

- Parse Location.vi:
	SubVI 'Read Query.vi': SubVI is missing

	SubVI 'New URI.vi': SubVI is missing











Click the link below to visit the Application Builder support page. Use the 
following information as a reference:



Error 1003 occurred at AB_Get_Detailed_BrokenVI_Message.vi -> 
AB_Targetfile.lvclass:Open_Top_Level_VIs.vi


Possible reason(s):


LabVIEW: (Hex 0x3EB) The VI is not executable. This error may occur because 
the VI is either broken or contains a subVI that LabVIEW cannot locate. Select 
File>>Open to open the VI and verify that you can run it.
An error occurred while running the ExecuteBuildSpec operation.

ExecuteBuildSpec operation failed.


