LabVIEWCLI started logging in file:  /tmp/lvtemporary_93737.log
Using LabVIEW: "/usr/local/natinst/LabVIEW-2026-64/labviewprofull"
LabVIEW launched successfully.
Connection established with LabVIEW at port number 3363.

Operation output: 
#### Starting Mass Compile: Thu, Sep 24, 2026 11:07:31 AM
  Directory: "/workspace"
Search failed to find "Connection.TCP_GOSPL.lvlib:Connection.TCP.lvclass" previously from "/usr/local/natinst/LabVIEW-2026-64/vi.lib/LabVIEW Open Source Project/Connection/Connection.TCP/Connection.TCP.lvclass"  +=+   Caller: "OAuthClient.lvclass:OAuthClient.ctl"
Search failed to find "Serializer.Base64.lvclass:Base64_Encode.vi" previously from "/<vilib>/LabVIEW Open Source Project/OpenSerializer.Base64/Base64_Encode.vi"  +=+   Caller: "Oauth2.lvclass:build auth URI.vi"
Search failed to find "RandomStringGenerator.lvclass:Generate Random String.vi" previously from "/<vilib>/LabVIEW Open Source Project/Unicity/RandomStringGenerator/Generate Random String.vi"  +=+   Caller: "Oauth2.lvclass:build auth URI.vi"
Search failed to find "Connection_GOSPL.lvlib:Connection.lvclass:Write.vi" previously from "/<vilib>/LabVIEW Open Source Project/Connection/Connection/Write.vi"  +=+   Caller: "Oauth2.lvclass:Authorize.vi"
Search failed to find "Connection_GOSPL.lvlib:Connection.lvclass:Read.vi" previously from "/<vilib>/LabVIEW Open Source Project/Connection/Connection/Read.vi"  +=+   Caller: "Oauth2.lvclass:Authorize.vi"
Search failed to find "Connection_GOSPL.lvlib:Connection.lvclass:isConnected.vi" previously from "/<vilib>/LabVIEW Open Source Project/Connection/Connection/isConnected.vi"  +=+   Caller: "Oauth2.lvclass:Authorize.vi"
Search failed to find "Connection_GOSPL.lvlib:Connection.lvclass:Close Connection.vi" previously from "/<vilib>/LabVIEW Open Source Project/Connection/Connection/Close Connection.vi"  +=+   Caller: "Oauth2.lvclass:Authorize.vi"
Search failed to find "Connection_GOSPL.lvlib:Connection.lvclass:ListenForConnection.vi" previously from "/<vilib>/LabVIEW Open Source Project/Connection/Connection/ListenForConnection.vi"  +=+   Caller: "Oauth2.lvclass:Authorize.vi"
Search failed to find "Connection_GOSPL.lvlib:Connection.lvclass:Create Listener.vi" previously from "/<vilib>/LabVIEW Open Source Project/Connection/Connection/Create Listener.vi"  +=+   Caller: "Oauth2.lvclass:Authorize.vi"
Search failed to find "Connection.TCP_GOSPL.lvlib:Connection.TCP.lvclass:Configure TCP Connection.vi" previously from "/<vilib>/LabVIEW Open Source Project/Connection/Connection.TCP/Configure TCP Connection.vi"  +=+   Caller: "Oauth2.lvclass:Authorize.vi"
Insane Type Definition(654) in FPHP of "Oauth2.lvclass:HTTP_SetAuthorizationHeader.vi": {tdname } (0x4000): owner=FrontPanelDataController(215)
insanities in FPHP of /workspace/source/Oauth2/HTTP_SetAuthorizationHeader.vi
Search failed to find "OpenVariant.lvlib:Variant_ListElements.vi" previously from "/<vilib>/LabVIEW Open Source Project/Data Manipulation/Variant/Variant_ListElements.vi"  +=+   Caller: "Oauth2.GitHub.lvclass:Initialize OAuth for GitHub.vi"
Insane Type Definition(654) in FPHP of "Oauth2.lvclass:HTTP_SetAuthorizationHeader.vi": {tdname } (0x4000): owner=FrontPanelDataController(215)
insanities in FPHP of /workspace/source/Oauth2/HTTP_SetAuthorizationHeader.vi
Insane Type Definition(654) in FPHP of "Oauth2.lvclass:HTTP_SetAuthorizationHeader.vi": {tdname } (0x4000): owner=FrontPanelDataController(215)
insanities in FPHP of /workspace/source/Oauth2/HTTP_SetAuthorizationHeader.vi
  ### Bad VI:    "Oauth2.lvclass:Oauth2.ctl"	Path="/workspace/source/Oauth2/Oauth2.lvclass/Oauth2.ctl" 
  ### Bad VI:    "OAuthClient.lvclass:OAuthClient.ctl"	Path="/workspace/source/OauthClient/OAuthClient.lvclass/OAuthClient.ctl" 
  ### Bad subVI: "Oauth2.lvclass:transmit additional endpoints.vi"	Path="/workspace/source/Oauth2/transmit additional endpoints.vi" 
  ### Bad subVI: "Oauth2.lvclass:relative access path.vi"	Path="/workspace/source/Oauth2/relative access path.vi" 
  ### Bad subVI: "Oauth2.lvclass:initialize redirection.vi"	Path="/workspace/source/Oauth2/initialize redirection.vi" 
  ### Bad subVI: "Oauth2.lvclass:usesPKCEWorkflow.vi"	Path="/workspace/source/Oauth2/usesPKCEWorkflow.vi" 
  ### Bad subVI: "Oauth2.lvclass:build token URI.vi"	Path="/workspace/source/Oauth2/build token URI.vi" 
  ### Bad subVI: "Oauth2.lvclass:build refresh token URI.vi"	Path="/workspace/source/Oauth2/build refresh token URI.vi" 
  ### Bad subVI: "Oauth2.lvclass:request auth code.vi"	Path="/workspace/source/Oauth2/request auth code.vi" 
  ### Bad subVI: "Oauth2.lvclass:setTokenElement.vi"	Path="/workspace/source/Oauth2/setTokenElement.vi" 
  ### Bad subVI: "Oauth2.lvclass:Find Values.vi"	Path="/workspace/source/Oauth2/Find Values.vi" 
  ### Bad subVI: "Oauth2.lvclass:decode access token response.vi"	Path="/workspace/source/Oauth2/decode access token response.vi" 
  ### Bad VI:    "Oauth2.lvclass:build auth URI.vi"	Path="/workspace/source/Oauth2/build auth URI.vi" 
  ### Bad subVI: "Oauth2.lvclass:Read Client ID.vi"	Path="/workspace/source/Oauth2/Read Client ID.vi" 
  ### Bad subVI: "Oauth2.lvclass:Read Client Secret.vi"	Path="/workspace/source/Oauth2/Read Client Secret.vi" 
  ### Bad subVI: "Oauth2.lvclass:Write scopes.vi"	Path="/workspace/source/Oauth2/Write scopes.vi" 
  ### Bad subVI: "Oauth2.lvclass:Read scopes.vi"	Path="/workspace/source/Oauth2/Read scopes.vi" 
  ### Bad subVI: "Oauth2.lvclass:Write timeout.vi"	Path="/workspace/source/Oauth2/Write timeout.vi" 
  ### Bad subVI: "Oauth2.lvclass:Read timeout.vi"	Path="/workspace/source/Oauth2/Read timeout.vi" 
  ### Bad subVI: "Oauth2.lvclass:Read Redirect URI.vi"	Path="/workspace/source/Oauth2/Read Redirect URI.vi" 
  ### Bad subVI: "Oauth2.lvclass:Write Redirect URI.vi"	Path="/workspace/source/Oauth2/Write Redirect URI.vi" 
  ### Bad subVI: "Oauth2.lvclass:Read AccessToken.vi"	Path="/workspace/source/Oauth2/Read AccessToken.vi" 
  ### Bad subVI: "Oauth2.lvclass:Read RefreshToken.vi"	Path="/workspace/source/Oauth2/Read RefreshToken.vi" 
  ### Bad subVI: "Oauth2.lvclass:Read ExpiresIn.vi"	Path="/workspace/source/Oauth2/Read ExpiresIn.vi" 
  ### Bad subVI: "Oauth2.lvclass:getTokenElement.vi"	Path="/workspace/source/Oauth2/getTokenElement.vi" 
  ### Bad subVI: "Oauth2.lvclass:Read Grant Flow.vi"	Path="/workspace/source/Oauth2/Read Grant Flow.vi" 
  ### Bad subVI: "Oauth2.lvclass:Read Reverse Proxy URI.vi"	Path="/workspace/source/Oauth2/Read Reverse Proxy URI.vi" 
  ### Bad subVI: "Oauth2.lvclass:Get AccessToken Instance.vi"	Path="/workspace/source/Oauth2/Get AccessToken Instance.vi" 
  ### Bad subVI: "Oauth2.lvclass:setEndpointElement.vi"	Path="/workspace/source/Oauth2/setEndpointElement.vi" 
  ### Bad subVI: "Oauth2.lvclass:HTTP_SetAuthorizationHeader.vi"	Path="/workspace/source/Oauth2/HTTP_SetAuthorizationHeader.vi" 
  ### Bad VI:    "Oauth2.lvclass:Configure PKCE.vi"	Path="/workspace/source/Oauth2/Configure PKCE.vi" 
  ### Bad subVI: "Oauth2.lvclass:Configure OAuth.vi"	Path="/workspace/source/Oauth2/Configure OAuth.vi" 
  ### Bad subVI: "Oauth2.lvclass:Inject OAuth Client Type.vi"	Path="/workspace/source/Oauth2/Inject OAuth Client Type.vi" 
  ### Bad VI:    "OAuthClient.lvclass:Read Listener Type.vi"	Path="/workspace/source/OauthClient/Read Listener Type.vi" 
  ### Bad subVI: "Oauth2.lvclass:Write Reverse Proxy URI.vi"	Path="/workspace/source/Oauth2/Write Reverse Proxy URI.vi" 
  ### Bad subVI: "Oauth2.Template.lvclass:decode access token response.vi"	Path="/workspace/source/Oauth2.Template/decode access token response.vi" 
  ### Bad subVI: "Oauth2.Template.lvclass:relative access path.vi"	Path="/workspace/source/Oauth2.Template/relative access path.vi" 
  ### Bad subVI: "OAuthClient.lvclass:Read client handle.vi"	Path="/workspace/source/OauthClient/Read client handle.vi" 
  ### Bad subVI: "OAuthClient.lvclass:Write client handle.vi"	Path="/workspace/source/OauthClient/Write client handle.vi" 
  ### Bad VI:    "OAuthClient.lvclass:Write Listener Type.vi"	Path="/workspace/source/OauthClient/Write Listener Type.vi" 
  ### Bad subVI: "OAuthClient.lvclass:Open Client Handle.vi"	Path="/workspace/source/OauthClient/Open Client Handle.vi" 
  ### Bad subVI: "Oauth2.lvclass:open client handle.vi"	Path="/workspace/source/Oauth2/open client handle.vi" 
  ### Bad subVI: "Oauth2.lvclass:retrieve token.vi"	Path="/workspace/source/Oauth2/retrieve token.vi" 
  ### Bad subVI: "OAuthClient.lvclass:Close Client Handle.vi"	Path="/workspace/source/OauthClient/Close Client Handle.vi" 
  ### Bad subVI: "Oauth2.lvclass:close client handle.vi"	Path="/workspace/source/Oauth2/close client handle.vi" 
  ### Bad VI:    "Oauth2.lvclass:Authorize.vi"	Path="/workspace/source/Oauth2/Authorize.vi" 
  ### Bad subVI: "Oauth2.lvclass:Refresh Authorization.vi"	Path="/workspace/source/Oauth2/Refresh Authorization.vi" 
  ### Bad VI:    "Oauth2.GitHub.lvclass:Initialize OAuth for GitHub.vi"	Path="/workspace/source/Oauth2.Github/Initialize OAuth for GitHub.vi" 
  ### Bad subVI: "Oauth2.GitHub.lvclass:relative access path.vi"	Path="/workspace/source/Oauth2.Github/relative access path.vi" 
  ### Bad subVI: "Oauth2.GitHub.lvclass:decode access token response.vi"	Path="/workspace/source/Oauth2.Github/decode access token response.vi" 
  ### Bad subVI: "Oauth2.GitHub.lvclass:transmit additional endpoints.vi"	Path="/workspace/source/Oauth2.Github/transmit additional endpoints.vi" 
  ### Bad subVI: "Oauth2.GitLab.lvclass:Read Created At.vi"	Path="/workspace/source/Oauth2.GitLab/Read Created At.vi" 
  ### Bad subVI: "Oauth2.GitLab.lvclass:Read Created Timestamp.vi"	Path="/workspace/source/Oauth2.GitLab/Read Created Timestamp.vi" 
  ### Bad VI:    "Oauth2.GitLab.lvclass:Initialize OAuth for GitLab.vi"	Path="/workspace/source/Oauth2.GitLab/Initialize OAuth for GitLab.vi" 
  ### Bad subVI: "Oauth2.GitLab.lvclass:relative access path.vi"	Path="/workspace/source/Oauth2.GitLab/relative access path.vi" 
  ### Bad subVI: "Oauth2.GitLab.lvclass:decode access token response.vi"	Path="/workspace/source/Oauth2.GitLab/decode access token response.vi" 
  ### Bad subVI: "Oauth2.Slack.lvclass:Initialize OAuth for Slack.vi"	Path="/workspace/source/Oauth2.Slack/Initialize OAuth for Slack.vi" 
  ### Bad subVI: "Oauth2.Slack.lvclass:relative access path.vi"	Path="/workspace/source/Oauth2.Slack/relative access path.vi" 
  ### Bad subVI: "Oauth2.Slack.lvclass:decode access token response.vi"	Path="/workspace/source/Oauth2.Slack/decode access token response.vi" 
  ### Bad subVI: "Oauth2.LinkedIn.lvclass:Initialize OAuth for LinkedIn.vi"	Path="/workspace/source/Oauth2.LinkedIn/Initialize OAuth for LinkedIn.vi" 
  ### Bad subVI: "Oauth2.LinkedIn.lvclass:decode access token response.vi"	Path="/workspace/source/Oauth2.LinkedIn/decode access token response.vi" 
  ### Bad subVI: "Oauth2.LinkedIn.lvclass:relative access path.vi"	Path="/workspace/source/Oauth2.LinkedIn/relative access path.vi" 
  ### Bad subVI: "Oauth2.Google.lvclass:Read GoogleAPI URI.vi"	Path="/workspace/source/Oauth2.Google/Read GoogleAPI URI.vi" 
  ### Bad subVI: "Oauth2.Google.lvclass:Write GoogleAPI URI.vi"	Path="/workspace/source/Oauth2.Google/Write GoogleAPI URI.vi" 
  ### Bad subVI: "Oauth2.Google.lvclass:Initialize OAuth for Google.vi"	Path="/workspace/source/Oauth2.Google/Initialize OAuth for Google.vi" 
  ### Bad subVI: "Oauth2.Google.lvclass:decode access token response.vi"	Path="/workspace/source/Oauth2.Google/decode access token response.vi" 
  ### Bad subVI: "Oauth2.Google.lvclass:relative access path.vi"	Path="/workspace/source/Oauth2.Google/relative access path.vi" 
  ### Bad subVI: "Oauth2.Google.lvclass:build token URI.vi"	Path="/workspace/source/Oauth2.Google/build token URI.vi" 
  ### Bad VI:    "Oauth2.Harvest.lvclass:Initialize Oauth for Harvest.vi"	Path="/workspace/source/Oauth2.Harvest/Initialize Oauth for Harvest.vi" 
  ### Bad subVI: "Oauth2.Harvest.lvclass:decode access token response.vi"	Path="/workspace/source/Oauth2.Harvest/decode access token response.vi" 
  ### Bad subVI: "Oauth2.Harvest.lvclass:relative access path.vi"	Path="/workspace/source/Oauth2.Harvest/relative access path.vi" 
  ### Bad subVI: "OAuthClient.lvclass:Query Client for Token.vi"	Path="/workspace/source/OauthClient/Query Client for Token.vi" 
VI could not be saved in project version.
    Path : /workspace/source/Examples/Gitlab OAuth Test.vi
    Target Version: 17.0
    Oldest Save Version Required: 19.0
  ### Bad VI:    "Oauth2.lvclass:Oauth2.ctl"	Path="/workspace/source/Oauth2/Oauth2.lvclass/Oauth2.ctl" 
  ### Bad VI:    "OAuthClient.lvclass:OAuthClient.ctl"	Path="/workspace/source/OauthClient/OAuthClient.lvclass/OAuthClient.ctl" 
  ### Bad subVI: "Oauth2.lvclass:transmit additional endpoints.vi"	Path="/workspace/source/Oauth2/transmit additional endpoints.vi" 
  ### Bad subVI: "Oauth2.lvclass:relative access path.vi"	Path="/workspace/source/Oauth2/relative access path.vi" 
  ### Bad subVI: "Oauth2.lvclass:initialize redirection.vi"	Path="/workspace/source/Oauth2/initialize redirection.vi" 
  ### Bad subVI: "Oauth2.lvclass:usesPKCEWorkflow.vi"	Path="/workspace/source/Oauth2/usesPKCEWorkflow.vi" 
  ### Bad subVI: "Oauth2.lvclass:build token URI.vi"	Path="/workspace/source/Oauth2/build token URI.vi" 
  ### Bad subVI: "Oauth2.lvclass:build refresh token URI.vi"	Path="/workspace/source/Oauth2/build refresh token URI.vi" 
  ### Bad subVI: "Oauth2.lvclass:request auth code.vi"	Path="/workspace/source/Oauth2/request auth code.vi" 
  ### Bad subVI: "Oauth2.lvclass:setTokenElement.vi"	Path="/workspace/source/Oauth2/setTokenElement.vi" 
  ### Bad subVI: "Oauth2.lvclass:Find Values.vi"	Path="/workspace/source/Oauth2/Find Values.vi" 
  ### Bad subVI: "Oauth2.lvclass:decode access token response.vi"	Path="/workspace/source/Oauth2/decode access token response.vi" 
  ### Bad VI:    "Oauth2.lvclass:build auth URI.vi"	Path="/workspace/source/Oauth2/build auth URI.vi" 
  ### Bad subVI: "Oauth2.lvclass:Read Client ID.vi"	Path="/workspace/source/Oauth2/Read Client ID.vi" 
  ### Bad subVI: "Oauth2.lvclass:Read Client Secret.vi"	Path="/workspace/source/Oauth2/Read Client Secret.vi" 
  ### Bad subVI: "Oauth2.lvclass:Write scopes.vi"	Path="/workspace/source/Oauth2/Write scopes.vi" 
  ### Bad subVI: "Oauth2.lvclass:Read scopes.vi"	Path="/workspace/source/Oauth2/Read scopes.vi" 
  ### Bad subVI: "Oauth2.lvclass:Write timeout.vi"	Path="/workspace/source/Oauth2/Write timeout.vi" 
  ### Bad subVI: "Oauth2.lvclass:Read timeout.vi"	Path="/workspace/source/Oauth2/Read timeout.vi" 
  ### Bad subVI: "Oauth2.lvclass:Read Redirect URI.vi"	Path="/workspace/source/Oauth2/Read Redirect URI.vi" 
  ### Bad subVI: "Oauth2.lvclass:Write Redirect URI.vi"	Path="/workspace/source/Oauth2/Write Redirect URI.vi" 
  ### Bad subVI: "Oauth2.lvclass:Read AccessToken.vi"	Path="/workspace/source/Oauth2/Read AccessToken.vi" 
  ### Bad subVI: "Oauth2.lvclass:Read RefreshToken.vi"	Path="/workspace/source/Oauth2/Read RefreshToken.vi" 
  ### Bad subVI: "Oauth2.lvclass:Read ExpiresIn.vi"	Path="/workspace/source/Oauth2/Read ExpiresIn.vi" 
  ### Bad subVI: "Oauth2.lvclass:getTokenElement.vi"	Path="/workspace/source/Oauth2/getTokenElement.vi" 
  ### Bad subVI: "Oauth2.lvclass:Read Grant Flow.vi"	Path="/workspace/source/Oauth2/Read Grant Flow.vi" 
  ### Bad subVI: "Oauth2.lvclass:Read Reverse Proxy URI.vi"	Path="/workspace/source/Oauth2/Read Reverse Proxy URI.vi" 
  ### Bad subVI: "Oauth2.lvclass:Get AccessToken Instance.vi"	Path="/workspace/source/Oauth2/Get AccessToken Instance.vi" 
  ### Bad subVI: "Oauth2.lvclass:setEndpointElement.vi"	Path="/workspace/source/Oauth2/setEndpointElement.vi" 
  ### Bad subVI: "Oauth2.lvclass:HTTP_SetAuthorizationHeader.vi"	Path="/workspace/source/Oauth2/HTTP_SetAuthorizationHeader.vi" 
  ### Bad VI:    "Oauth2.lvclass:Configure PKCE.vi"	Path="/workspace/source/Oauth2/Configure PKCE.vi" 
  ### Bad subVI: "Oauth2.lvclass:Configure OAuth.vi"	Path="/workspace/source/Oauth2/Configure OAuth.vi" 
  ### Bad subVI: "Oauth2.lvclass:Inject OAuth Client Type.vi"	Path="/workspace/source/Oauth2/Inject OAuth Client Type.vi" 
  ### Bad VI:    "OAuthClient.lvclass:Read Listener Type.vi"	Path="/workspace/source/OauthClient/Read Listener Type.vi" 
  ### Bad subVI: "Oauth2.lvclass:Write Reverse Proxy URI.vi"	Path="/workspace/source/Oauth2/Write Reverse Proxy URI.vi" 
  ### Bad subVI: "Oauth2.Template.lvclass:decode access token response.vi"	Path="/workspace/source/Oauth2.Template/decode access token response.vi" 
  ### Bad subVI: "Oauth2.Template.lvclass:relative access path.vi"	Path="/workspace/source/Oauth2.Template/relative access path.vi" 
  ### Bad subVI: "OAuthClient.lvclass:Read client handle.vi"	Path="/workspace/source/OauthClient/Read client handle.vi" 
  ### Bad subVI: "OAuthClient.lvclass:Write client handle.vi"	Path="/workspace/source/OauthClient/Write client handle.vi" 
  ### Bad VI:    "OAuthClient.lvclass:Write Listener Type.vi"	Path="/workspace/source/OauthClient/Write Listener Type.vi" 
  ### Bad subVI: "OAuthClient.lvclass:Open Client Handle.vi"	Path="/workspace/source/OauthClient/Open Client Handle.vi" 
  ### Bad subVI: "Oauth2.lvclass:open client handle.vi"	Path="/workspace/source/Oauth2/open client handle.vi" 
  ### Bad subVI: "Oauth2.lvclass:retrieve token.vi"	Path="/workspace/source/Oauth2/retrieve token.vi" 
  ### Bad subVI: "OAuthClient.lvclass:Close Client Handle.vi"	Path="/workspace/source/OauthClient/Close Client Handle.vi" 
  ### Bad subVI: "Oauth2.lvclass:close client handle.vi"	Path="/workspace/source/Oauth2/close client handle.vi" 
  ### Bad VI:    "Oauth2.lvclass:Authorize.vi"	Path="/workspace/source/Oauth2/Authorize.vi" 
  ### Bad subVI: "Oauth2.lvclass:Refresh Authorization.vi"	Path="/workspace/source/Oauth2/Refresh Authorization.vi" 
  ### Bad VI:    "Oauth2.GitHub.lvclass:Initialize OAuth for GitHub.vi"	Path="/workspace/source/Oauth2.Github/Initialize OAuth for GitHub.vi" 
  ### Bad subVI: "Oauth2.GitHub.lvclass:relative access path.vi"	Path="/workspace/source/Oauth2.Github/relative access path.vi" 
  ### Bad subVI: "Oauth2.GitHub.lvclass:decode access token response.vi"	Path="/workspace/source/Oauth2.Github/decode access token response.vi" 
  ### Bad subVI: "Oauth2.GitHub.lvclass:transmit additional endpoints.vi"	Path="/workspace/source/Oauth2.Github/transmit additional endpoints.vi" 
  ### Bad subVI: "Oauth2.GitLab.lvclass:Read Created At.vi"	Path="/workspace/source/Oauth2.GitLab/Read Created At.vi" 
  ### Bad subVI: "Oauth2.GitLab.lvclass:Read Created Timestamp.vi"	Path="/workspace/source/Oauth2.GitLab/Read Created Timestamp.vi" 
  ### Bad VI:    "Oauth2.GitLab.lvclass:Initialize OAuth for GitLab.vi"	Path="/workspace/source/Oauth2.GitLab/Initialize OAuth for GitLab.vi" 
  ### Bad subVI: "Oauth2.GitLab.lvclass:relative access path.vi"	Path="/workspace/source/Oauth2.GitLab/relative access path.vi" 
  ### Bad subVI: "Oauth2.GitLab.lvclass:decode access token response.vi"	Path="/workspace/source/Oauth2.GitLab/decode access token response.vi" 
  ### Bad subVI: "Oauth2.Slack.lvclass:Initialize OAuth for Slack.vi"	Path="/workspace/source/Oauth2.Slack/Initialize OAuth for Slack.vi" 
  ### Bad subVI: "Oauth2.Slack.lvclass:relative access path.vi"	Path="/workspace/source/Oauth2.Slack/relative access path.vi" 
  ### Bad subVI: "Oauth2.Slack.lvclass:decode access token response.vi"	Path="/workspace/source/Oauth2.Slack/decode access token response.vi" 
  ### Bad subVI: "Oauth2.LinkedIn.lvclass:Initialize OAuth for LinkedIn.vi"	Path="/workspace/source/Oauth2.LinkedIn/Initialize OAuth for LinkedIn.vi" 
  ### Bad subVI: "Oauth2.LinkedIn.lvclass:decode access token response.vi"	Path="/workspace/source/Oauth2.LinkedIn/decode access token response.vi" 
  ### Bad subVI: "Oauth2.LinkedIn.lvclass:relative access path.vi"	Path="/workspace/source/Oauth2.LinkedIn/relative access path.vi" 
  ### Bad subVI: "Oauth2.Google.lvclass:Read GoogleAPI URI.vi"	Path="/workspace/source/Oauth2.Google/Read GoogleAPI URI.vi" 
  ### Bad subVI: "Oauth2.Google.lvclass:Write GoogleAPI URI.vi"	Path="/workspace/source/Oauth2.Google/Write GoogleAPI URI.vi" 
  ### Bad subVI: "Oauth2.Google.lvclass:Initialize OAuth for Google.vi"	Path="/workspace/source/Oauth2.Google/Initialize OAuth for Google.vi" 
  ### Bad subVI: "Oauth2.Google.lvclass:decode access token response.vi"	Path="/workspace/source/Oauth2.Google/decode access token response.vi" 
  ### Bad subVI: "Oauth2.Google.lvclass:relative access path.vi"	Path="/workspace/source/Oauth2.Google/relative access path.vi" 
  ### Bad subVI: "Oauth2.Google.lvclass:build token URI.vi"	Path="/workspace/source/Oauth2.Google/build token URI.vi" 
  ### Bad VI:    "Oauth2.Harvest.lvclass:Initialize Oauth for Harvest.vi"	Path="/workspace/source/Oauth2.Harvest/Initialize Oauth for Harvest.vi" 
  ### Bad subVI: "Oauth2.Harvest.lvclass:decode access token response.vi"	Path="/workspace/source/Oauth2.Harvest/decode access token response.vi" 
  ### Bad subVI: "Oauth2.Harvest.lvclass:relative access path.vi"	Path="/workspace/source/Oauth2.Harvest/relative access path.vi" 
  ### Bad subVI: "OAuthClient.lvclass:Query Client for Token.vi"	Path="/workspace/source/OauthClient/Query Client for Token.vi" 
  ### Bad subVI: "Gitlab OAuth Test.vi"	Path="/workspace/source/Examples/Gitlab OAuth Test.vi" 
  ### Bad VI:    "Oauth2.lvclass:Oauth2.ctl"	Path="/workspace/source/Oauth2/Oauth2.lvclass/Oauth2.ctl" 
  ### Bad VI:    "OAuthClient.lvclass:OAuthClient.ctl"	Path="/workspace/source/OauthClient/OAuthClient.lvclass/OAuthClient.ctl" 
  ### Bad subVI: "Oauth2.lvclass:transmit additional endpoints.vi"	Path="/workspace/source/Oauth2/transmit additional endpoints.vi" 
  ### Bad subVI: "Oauth2.lvclass:relative access path.vi"	Path="/workspace/source/Oauth2/relative access path.vi" 
  ### Bad subVI: "Oauth2.lvclass:initialize redirection.vi"	Path="/workspace/source/Oauth2/initialize redirection.vi" 
  ### Bad subVI: "Oauth2.lvclass:usesPKCEWorkflow.vi"	Path="/workspace/source/Oauth2/usesPKCEWorkflow.vi" 
  ### Bad subVI: "Oauth2.lvclass:build token URI.vi"	Path="/workspace/source/Oauth2/build token URI.vi" 
  ### Bad subVI: "Oauth2.lvclass:build refresh token URI.vi"	Path="/workspace/source/Oauth2/build refresh token URI.vi" 
  ### Bad subVI: "Oauth2.lvclass:request auth code.vi"	Path="/workspace/source/Oauth2/request auth code.vi" 
  ### Bad subVI: "Oauth2.lvclass:setTokenElement.vi"	Path="/workspace/source/Oauth2/setTokenElement.vi" 
  ### Bad subVI: "Oauth2.lvclass:Find Values.vi"	Path="/workspace/source/Oauth2/Find Values.vi" 
  ### Bad subVI: "Oauth2.lvclass:decode access token response.vi"	Path="/workspace/source/Oauth2/decode access token response.vi" 
  ### Bad VI:    "Oauth2.lvclass:build auth URI.vi"	Path="/workspace/source/Oauth2/build auth URI.vi" 
  ### Bad subVI: "Oauth2.lvclass:Read Client ID.vi"	Path="/workspace/source/Oauth2/Read Client ID.vi" 
  ### Bad subVI: "Oauth2.lvclass:Read Client Secret.vi"	Path="/workspace/source/Oauth2/Read Client Secret.vi" 
  ### Bad subVI: "Oauth2.lvclass:Write scopes.vi"	Path="/workspace/source/Oauth2/Write scopes.vi" 
  ### Bad subVI: "Oauth2.lvclass:Read scopes.vi"	Path="/workspace/source/Oauth2/Read scopes.vi" 
  ### Bad subVI: "Oauth2.lvclass:Write timeout.vi"	Path="/workspace/source/Oauth2/Write timeout.vi" 
  ### Bad subVI: "Oauth2.lvclass:Read timeout.vi"	Path="/workspace/source/Oauth2/Read timeout.vi" 
  ### Bad subVI: "Oauth2.lvclass:Read Redirect URI.vi"	Path="/workspace/source/Oauth2/Read Redirect URI.vi" 
  ### Bad subVI: "Oauth2.lvclass:Write Redirect URI.vi"	Path="/workspace/source/Oauth2/Write Redirect URI.vi" 
  ### Bad subVI: "Oauth2.lvclass:Read AccessToken.vi"	Path="/workspace/source/Oauth2/Read AccessToken.vi" 
  ### Bad subVI: "Oauth2.lvclass:Read RefreshToken.vi"	Path="/workspace/source/Oauth2/Read RefreshToken.vi" 
  ### Bad subVI: "Oauth2.lvclass:Read ExpiresIn.vi"	Path="/workspace/source/Oauth2/Read ExpiresIn.vi" 
  ### Bad subVI: "Oauth2.lvclass:getTokenElement.vi"	Path="/workspace/source/Oauth2/getTokenElement.vi" 
  ### Bad subVI: "Oauth2.lvclass:Read Grant Flow.vi"	Path="/workspace/source/Oauth2/Read Grant Flow.vi" 
  ### Bad subVI: "Oauth2.lvclass:Read Reverse Proxy URI.vi"	Path="/workspace/source/Oauth2/Read Reverse Proxy URI.vi" 
  ### Bad subVI: "Oauth2.lvclass:Get AccessToken Instance.vi"	Path="/workspace/source/Oauth2/Get AccessToken Instance.vi" 
  ### Bad subVI: "Oauth2.lvclass:setEndpointElement.vi"	Path="/workspace/source/Oauth2/setEndpointElement.vi" 
  ### Bad subVI: "Oauth2.lvclass:HTTP_SetAuthorizationHeader.vi"	Path="/workspace/source/Oauth2/HTTP_SetAuthorizationHeader.vi" 
  ### Bad VI:    "Oauth2.lvclass:Configure PKCE.vi"	Path="/workspace/source/Oauth2/Configure PKCE.vi" 
  ### Bad subVI: "Oauth2.lvclass:Configure OAuth.vi"	Path="/workspace/source/Oauth2/Configure OAuth.vi" 
  ### Bad subVI: "Oauth2.lvclass:Inject OAuth Client Type.vi"	Path="/workspace/source/Oauth2/Inject OAuth Client Type.vi" 
  ### Bad VI:    "OAuthClient.lvclass:Read Listener Type.vi"	Path="/workspace/source/OauthClient/Read Listener Type.vi" 
  ### Bad subVI: "Oauth2.lvclass:Write Reverse Proxy URI.vi"	Path="/workspace/source/Oauth2/Write Reverse Proxy URI.vi" 
  ### Bad subVI: "Oauth2.Template.lvclass:decode access token response.vi"	Path="/workspace/source/Oauth2.Template/decode access token response.vi" 
  ### Bad subVI: "Oauth2.Template.lvclass:relative access path.vi"	Path="/workspace/source/Oauth2.Template/relative access path.vi" 
  ### Bad subVI: "OAuthClient.lvclass:Read client handle.vi"	Path="/workspace/source/OauthClient/Read client handle.vi" 
  ### Bad subVI: "OAuthClient.lvclass:Write client handle.vi"	Path="/workspace/source/OauthClient/Write client handle.vi" 
  ### Bad VI:    "OAuthClient.lvclass:Write Listener Type.vi"	Path="/workspace/source/OauthClient/Write Listener Type.vi" 
  ### Bad subVI: "OAuthClient.lvclass:Open Client Handle.vi"	Path="/workspace/source/OauthClient/Open Client Handle.vi" 
  ### Bad subVI: "Oauth2.lvclass:open client handle.vi"	Path="/workspace/source/Oauth2/open client handle.vi" 
  ### Bad subVI: "Oauth2.lvclass:retrieve token.vi"	Path="/workspace/source/Oauth2/retrieve token.vi" 
  ### Bad subVI: "OAuthClient.lvclass:Close Client Handle.vi"	Path="/workspace/source/OauthClient/Close Client Handle.vi" 
  ### Bad subVI: "Oauth2.lvclass:close client handle.vi"	Path="/workspace/source/Oauth2/close client handle.vi" 
  ### Bad VI:    "Oauth2.lvclass:Authorize.vi"	Path="/workspace/source/Oauth2/Authorize.vi" 
  ### Bad subVI: "Oauth2.lvclass:Refresh Authorization.vi"	Path="/workspace/source/Oauth2/Refresh Authorization.vi" 
  ### Bad VI:    "Oauth2.GitHub.lvclass:Initialize OAuth for GitHub.vi"	Path="/workspace/source/Oauth2.Github/Initialize OAuth for GitHub.vi" 
  ### Bad subVI: "Oauth2.GitHub.lvclass:relative access path.vi"	Path="/workspace/source/Oauth2.Github/relative access path.vi" 
  ### Bad subVI: "Oauth2.GitHub.lvclass:decode access token response.vi"	Path="/workspace/source/Oauth2.Github/decode access token response.vi" 
  ### Bad subVI: "Oauth2.GitHub.lvclass:transmit additional endpoints.vi"	Path="/workspace/source/Oauth2.Github/transmit additional endpoints.vi" 
  ### Bad subVI: "Oauth2.GitLab.lvclass:Read Created At.vi"	Path="/workspace/source/Oauth2.GitLab/Read Created At.vi" 
  ### Bad subVI: "Oauth2.GitLab.lvclass:Read Created Timestamp.vi"	Path="/workspace/source/Oauth2.GitLab/Read Created Timestamp.vi" 
  ### Bad VI:    "Oauth2.GitLab.lvclass:Initialize OAuth for GitLab.vi"	Path="/workspace/source/Oauth2.GitLab/Initialize OAuth for GitLab.vi" 
  ### Bad subVI: "Oauth2.GitLab.lvclass:relative access path.vi"	Path="/workspace/source/Oauth2.GitLab/relative access path.vi" 
  ### Bad subVI: "Oauth2.GitLab.lvclass:decode access token response.vi"	Path="/workspace/source/Oauth2.GitLab/decode access token response.vi" 
  ### Bad subVI: "Oauth2.Slack.lvclass:Initialize OAuth for Slack.vi"	Path="/workspace/source/Oauth2.Slack/Initialize OAuth for Slack.vi" 
  ### Bad subVI: "Oauth2.Slack.lvclass:relative access path.vi"	Path="/workspace/source/Oauth2.Slack/relative access path.vi" 
  ### Bad subVI: "Oauth2.Slack.lvclass:decode access token response.vi"	Path="/workspace/source/Oauth2.Slack/decode access token response.vi" 
  ### Bad subVI: "Oauth2.LinkedIn.lvclass:Initialize OAuth for LinkedIn.vi"	Path="/workspace/source/Oauth2.LinkedIn/Initialize OAuth for LinkedIn.vi" 
  ### Bad subVI: "Oauth2.LinkedIn.lvclass:decode access token response.vi"	Path="/workspace/source/Oauth2.LinkedIn/decode access token response.vi" 
  ### Bad subVI: "Oauth2.LinkedIn.lvclass:relative access path.vi"	Path="/workspace/source/Oauth2.LinkedIn/relative access path.vi" 
  ### Bad subVI: "Oauth2.Google.lvclass:Read GoogleAPI URI.vi"	Path="/workspace/source/Oauth2.Google/Read GoogleAPI URI.vi" 
  ### Bad subVI: "Oauth2.Google.lvclass:Write GoogleAPI URI.vi"	Path="/workspace/source/Oauth2.Google/Write GoogleAPI URI.vi" 
  ### Bad subVI: "Oauth2.Google.lvclass:Initialize OAuth for Google.vi"	Path="/workspace/source/Oauth2.Google/Initialize OAuth for Google.vi" 
  ### Bad subVI: "Oauth2.Google.lvclass:decode access token response.vi"	Path="/workspace/source/Oauth2.Google/decode access token response.vi" 
  ### Bad subVI: "Oauth2.Google.lvclass:relative access path.vi"	Path="/workspace/source/Oauth2.Google/relative access path.vi" 
  ### Bad subVI: "Oauth2.Google.lvclass:build token URI.vi"	Path="/workspace/source/Oauth2.Google/build token URI.vi" 
  ### Bad VI:    "Oauth2.Harvest.lvclass:Initialize Oauth for Harvest.vi"	Path="/workspace/source/Oauth2.Harvest/Initialize Oauth for Harvest.vi" 
  ### Bad subVI: "Oauth2.Harvest.lvclass:decode access token response.vi"	Path="/workspace/source/Oauth2.Harvest/decode access token response.vi" 
  ### Bad subVI: "Oauth2.Harvest.lvclass:relative access path.vi"	Path="/workspace/source/Oauth2.Harvest/relative access path.vi" 
  ### Bad subVI: "OAuthClient.lvclass:Query Client for Token.vi"	Path="/workspace/source/OauthClient/Query Client for Token.vi" 
  ### Bad subVI: "GitHub OAuth Test.vi"	Path="/workspace/source/Examples/GitHub OAuth Test.vi" 
  ### Bad VI:    "Oauth2.lvclass:Oauth2.ctl"	Path="/workspace/source/Oauth2/Oauth2.lvclass/Oauth2.ctl" 
  ### Bad VI:    "OAuthClient.lvclass:OAuthClient.ctl"	Path="/workspace/source/OauthClient/OAuthClient.lvclass/OAuthClient.ctl" 
  ### Bad subVI: "Oauth2.lvclass:transmit additional endpoints.vi"	Path="/workspace/source/Oauth2/transmit additional endpoints.vi" 
  ### Bad subVI: "Oauth2.lvclass:relative access path.vi"	Path="/workspace/source/Oauth2/relative access path.vi" 
  ### Bad subVI: "Oauth2.lvclass:initialize redirection.vi"	Path="/workspace/source/Oauth2/initialize redirection.vi" 
  ### Bad subVI: "Oauth2.lvclass:usesPKCEWorkflow.vi"	Path="/workspace/source/Oauth2/usesPKCEWorkflow.vi" 
  ### Bad subVI: "Oauth2.lvclass:build token URI.vi"	Path="/workspace/source/Oauth2/build token URI.vi" 
  ### Bad subVI: "Oauth2.lvclass:build refresh token URI.vi"	Path="/workspace/source/Oauth2/build refresh token URI.vi" 
  ### Bad subVI: "Oauth2.lvclass:request auth code.vi"	Path="/workspace/source/Oauth2/request auth code.vi" 
  ### Bad subVI: "Oauth2.lvclass:setTokenElement.vi"	Path="/workspace/source/Oauth2/setTokenElement.vi" 
  ### Bad subVI: "Oauth2.lvclass:Find Values.vi"	Path="/workspace/source/Oauth2/Find Values.vi" 
  ### Bad subVI: "Oauth2.lvclass:decode access token response.vi"	Path="/workspace/source/Oauth2/decode access token response.vi" 
  ### Bad VI:    "Oauth2.lvclass:build auth URI.vi"	Path="/workspace/source/Oauth2/build auth URI.vi" 
  ### Bad subVI: "Oauth2.lvclass:Read Client ID.vi"	Path="/workspace/source/Oauth2/Read Client ID.vi" 
  ### Bad subVI: "Oauth2.lvclass:Read Client Secret.vi"	Path="/workspace/source/Oauth2/Read Client Secret.vi" 
  ### Bad subVI: "Oauth2.lvclass:Write scopes.vi"	Path="/workspace/source/Oauth2/Write scopes.vi" 
  ### Bad subVI: "Oauth2.lvclass:Read scopes.vi"	Path="/workspace/source/Oauth2/Read scopes.vi" 
  ### Bad subVI: "Oauth2.lvclass:Write timeout.vi"	Path="/workspace/source/Oauth2/Write timeout.vi" 
  ### Bad subVI: "Oauth2.lvclass:Read timeout.vi"	Path="/workspace/source/Oauth2/Read timeout.vi" 
  ### Bad subVI: "Oauth2.lvclass:Read Redirect URI.vi"	Path="/workspace/source/Oauth2/Read Redirect URI.vi" 
  ### Bad subVI: "Oauth2.lvclass:Write Redirect URI.vi"	Path="/workspace/source/Oauth2/Write Redirect URI.vi" 
  ### Bad subVI: "Oauth2.lvclass:Read AccessToken.vi"	Path="/workspace/source/Oauth2/Read AccessToken.vi" 
  ### Bad subVI: "Oauth2.lvclass:Read RefreshToken.vi"	Path="/workspace/source/Oauth2/Read RefreshToken.vi" 
  ### Bad subVI: "Oauth2.lvclass:Read ExpiresIn.vi"	Path="/workspace/source/Oauth2/Read ExpiresIn.vi" 
  ### Bad subVI: "Oauth2.lvclass:getTokenElement.vi"	Path="/workspace/source/Oauth2/getTokenElement.vi" 
  ### Bad subVI: "Oauth2.lvclass:Read Grant Flow.vi"	Path="/workspace/source/Oauth2/Read Grant Flow.vi" 
  ### Bad subVI: "Oauth2.lvclass:Read Reverse Proxy URI.vi"	Path="/workspace/source/Oauth2/Read Reverse Proxy URI.vi" 
  ### Bad subVI: "Oauth2.lvclass:Get AccessToken Instance.vi"	Path="/workspace/source/Oauth2/Get AccessToken Instance.vi" 
  ### Bad subVI: "Oauth2.lvclass:setEndpointElement.vi"	Path="/workspace/source/Oauth2/setEndpointElement.vi" 
  ### Bad subVI: "Oauth2.lvclass:HTTP_SetAuthorizationHeader.vi"	Path="/workspace/source/Oauth2/HTTP_SetAuthorizationHeader.vi" 
  ### Bad VI:    "Oauth2.lvclass:Configure PKCE.vi"	Path="/workspace/source/Oauth2/Configure PKCE.vi" 
  ### Bad subVI: "Oauth2.lvclass:Configure OAuth.vi"	Path="/workspace/source/Oauth2/Configure OAuth.vi" 
  ### Bad subVI: "Oauth2.lvclass:Inject OAuth Client Type.vi"	Path="/workspace/source/Oauth2/Inject OAuth Client Type.vi" 
  ### Bad VI:    "OAuthClient.lvclass:Read Listener Type.vi"	Path="/workspace/source/OauthClient/Read Listener Type.vi" 
  ### Bad subVI: "Oauth2.lvclass:Write Reverse Proxy URI.vi"	Path="/workspace/source/Oauth2/Write Reverse Proxy URI.vi" 
  ### Bad subVI: "Oauth2.Template.lvclass:decode access token response.vi"	Path="/workspace/source/Oauth2.Template/decode access token response.vi" 
  ### Bad subVI: "Oauth2.Template.lvclass:relative access path.vi"	Path="/workspace/source/Oauth2.Template/relative access path.vi" 
  ### Bad subVI: "OAuthClient.lvclass:Read client handle.vi"	Path="/workspace/source/OauthClient/Read client handle.vi" 
  ### Bad subVI: "OAuthClient.lvclass:Write client handle.vi"	Path="/workspace/source/OauthClient/Write client handle.vi" 
  ### Bad VI:    "OAuthClient.lvclass:Write Listener Type.vi"	Path="/workspace/source/OauthClient/Write Listener Type.vi" 
  ### Bad subVI: "OAuthClient.lvclass:Open Client Handle.vi"	Path="/workspace/source/OauthClient/Open Client Handle.vi" 
  ### Bad subVI: "Oauth2.lvclass:open client handle.vi"	Path="/workspace/source/Oauth2/open client handle.vi" 
  ### Bad subVI: "Oauth2.lvclass:retrieve token.vi"	Path="/workspace/source/Oauth2/retrieve token.vi" 
  ### Bad subVI: "OAuthClient.lvclass:Close Client Handle.vi"	Path="/workspace/source/OauthClient/Close Client Handle.vi" 
  ### Bad subVI: "Oauth2.lvclass:close client handle.vi"	Path="/workspace/source/Oauth2/close client handle.vi" 
  ### Bad VI:    "Oauth2.lvclass:Authorize.vi"	Path="/workspace/source/Oauth2/Authorize.vi" 
  ### Bad subVI: "Oauth2.lvclass:Refresh Authorization.vi"	Path="/workspace/source/Oauth2/Refresh Authorization.vi" 
  ### Bad VI:    "Oauth2.GitHub.lvclass:Initialize OAuth for GitHub.vi"	Path="/workspace/source/Oauth2.Github/Initialize OAuth for GitHub.vi" 
  ### Bad subVI: "Oauth2.GitHub.lvclass:relative access path.vi"	Path="/workspace/source/Oauth2.Github/relative access path.vi" 
  ### Bad subVI: "Oauth2.GitHub.lvclass:decode access token response.vi"	Path="/workspace/source/Oauth2.Github/decode access token response.vi" 
  ### Bad subVI: "Oauth2.GitHub.lvclass:transmit additional endpoints.vi"	Path="/workspace/source/Oauth2.Github/transmit additional endpoints.vi" 
  ### Bad subVI: "Oauth2.GitLab.lvclass:Read Created At.vi"	Path="/workspace/source/Oauth2.GitLab/Read Created At.vi" 
  ### Bad subVI: "Oauth2.GitLab.lvclass:Read Created Timestamp.vi"	Path="/workspace/source/Oauth2.GitLab/Read Created Timestamp.vi" 
  ### Bad VI:    "Oauth2.GitLab.lvclass:Initialize OAuth for GitLab.vi"	Path="/workspace/source/Oauth2.GitLab/Initialize OAuth for GitLab.vi" 
  ### Bad subVI: "Oauth2.GitLab.lvclass:relative access path.vi"	Path="/workspace/source/Oauth2.GitLab/relative access path.vi" 
  ### Bad subVI: "Oauth2.GitLab.lvclass:decode access token response.vi"	Path="/workspace/source/Oauth2.GitLab/decode access token response.vi" 
  ### Bad subVI: "Oauth2.Slack.lvclass:Initialize OAuth for Slack.vi"	Path="/workspace/source/Oauth2.Slack/Initialize OAuth for Slack.vi" 
  ### Bad subVI: "Oauth2.Slack.lvclass:relative access path.vi"	Path="/workspace/source/Oauth2.Slack/relative access path.vi" 
  ### Bad subVI: "Oauth2.Slack.lvclass:decode access token response.vi"	Path="/workspace/source/Oauth2.Slack/decode access token response.vi" 
  ### Bad subVI: "Oauth2.LinkedIn.lvclass:Initialize OAuth for LinkedIn.vi"	Path="/workspace/source/Oauth2.LinkedIn/Initialize OAuth for LinkedIn.vi" 
  ### Bad subVI: "Oauth2.LinkedIn.lvclass:decode access token response.vi"	Path="/workspace/source/Oauth2.LinkedIn/decode access token response.vi" 
  ### Bad subVI: "Oauth2.LinkedIn.lvclass:relative access path.vi"	Path="/workspace/source/Oauth2.LinkedIn/relative access path.vi" 
  ### Bad subVI: "Oauth2.Google.lvclass:Read GoogleAPI URI.vi"	Path="/workspace/source/Oauth2.Google/Read GoogleAPI URI.vi" 
  ### Bad subVI: "Oauth2.Google.lvclass:Write GoogleAPI URI.vi"	Path="/workspace/source/Oauth2.Google/Write GoogleAPI URI.vi" 
  ### Bad subVI: "Oauth2.Google.lvclass:Initialize OAuth for Google.vi"	Path="/workspace/source/Oauth2.Google/Initialize OAuth for Google.vi" 
  ### Bad subVI: "Oauth2.Google.lvclass:decode access token response.vi"	Path="/workspace/source/Oauth2.Google/decode access token response.vi" 
  ### Bad subVI: "Oauth2.Google.lvclass:relative access path.vi"	Path="/workspace/source/Oauth2.Google/relative access path.vi" 
  ### Bad subVI: "Oauth2.Google.lvclass:build token URI.vi"	Path="/workspace/source/Oauth2.Google/build token URI.vi" 
  ### Bad VI:    "Oauth2.Harvest.lvclass:Initialize Oauth for Harvest.vi"	Path="/workspace/source/Oauth2.Harvest/Initialize Oauth for Harvest.vi" 
  ### Bad subVI: "Oauth2.Harvest.lvclass:decode access token response.vi"	Path="/workspace/source/Oauth2.Harvest/decode access token response.vi" 
  ### Bad subVI: "Oauth2.Harvest.lvclass:relative access path.vi"	Path="/workspace/source/Oauth2.Harvest/relative access path.vi" 
  ### Bad subVI: "OAuthClient.lvclass:Query Client for Token.vi"	Path="/workspace/source/OauthClient/Query Client for Token.vi" 
  ### Bad subVI: "LinkedIn OAuth Test.vi"	Path="/workspace/source/Examples/LinkedIn OAuth Test.vi" 
  ### Bad VI:    "Oauth2.lvclass:Oauth2.ctl"	Path="/workspace/source/Oauth2/Oauth2.lvclass/Oauth2.ctl" 
  ### Bad VI:    "OAuthClient.lvclass:OAuthClient.ctl"	Path="/workspace/source/OauthClient/OAuthClient.lvclass/OAuthClient.ctl" 
  ### Bad subVI: "Oauth2.lvclass:transmit additional endpoints.vi"	Path="/workspace/source/Oauth2/transmit additional endpoints.vi" 
  ### Bad subVI: "Oauth2.lvclass:relative access path.vi"	Path="/workspace/source/Oauth2/relative access path.vi" 
  ### Bad subVI: "Oauth2.lvclass:initialize redirection.vi"	Path="/workspace/source/Oauth2/initialize redirection.vi" 
  ### Bad subVI: "Oauth2.lvclass:usesPKCEWorkflow.vi"	Path="/workspace/source/Oauth2/usesPKCEWorkflow.vi" 
  ### Bad subVI: "Oauth2.lvclass:build token URI.vi"	Path="/workspace/source/Oauth2/build token URI.vi" 
  ### Bad subVI: "Oauth2.lvclass:build refresh token URI.vi"	Path="/workspace/source/Oauth2/build refresh token URI.vi" 
  ### Bad subVI: "Oauth2.lvclass:request auth code.vi"	Path="/workspace/source/Oauth2/request auth code.vi" 
  ### Bad subVI: "Oauth2.lvclass:setTokenElement.vi"	Path="/workspace/source/Oauth2/setTokenElement.vi" 
  ### Bad subVI: "Oauth2.lvclass:Find Values.vi"	Path="/workspace/source/Oauth2/Find Values.vi" 
  ### Bad subVI: "Oauth2.lvclass:decode access token response.vi"	Path="/workspace/source/Oauth2/decode access token response.vi" 
  ### Bad VI:    "Oauth2.lvclass:build auth URI.vi"	Path="/workspace/source/Oauth2/build auth URI.vi" 
  ### Bad subVI: "Oauth2.lvclass:Read Client ID.vi"	Path="/workspace/source/Oauth2/Read Client ID.vi" 
  ### Bad subVI: "Oauth2.lvclass:Read Client Secret.vi"	Path="/workspace/source/Oauth2/Read Client Secret.vi" 
  ### Bad subVI: "Oauth2.lvclass:Write scopes.vi"	Path="/workspace/source/Oauth2/Write scopes.vi" 
  ### Bad subVI: "Oauth2.lvclass:Read scopes.vi"	Path="/workspace/source/Oauth2/Read scopes.vi" 
  ### Bad subVI: "Oauth2.lvclass:Write timeout.vi"	Path="/workspace/source/Oauth2/Write timeout.vi" 
  ### Bad subVI: "Oauth2.lvclass:Read timeout.vi"	Path="/workspace/source/Oauth2/Read timeout.vi" 
  ### Bad subVI: "Oauth2.lvclass:Read Redirect URI.vi"	Path="/workspace/source/Oauth2/Read Redirect URI.vi" 
  ### Bad subVI: "Oauth2.lvclass:Write Redirect URI.vi"	Path="/workspace/source/Oauth2/Write Redirect URI.vi" 
  ### Bad subVI: "Oauth2.lvclass:Read AccessToken.vi"	Path="/workspace/source/Oauth2/Read AccessToken.vi" 
  ### Bad subVI: "Oauth2.lvclass:Read RefreshToken.vi"	Path="/workspace/source/Oauth2/Read RefreshToken.vi" 
  ### Bad subVI: "Oauth2.lvclass:Read ExpiresIn.vi"	Path="/workspace/source/Oauth2/Read ExpiresIn.vi" 
  ### Bad subVI: "Oauth2.lvclass:getTokenElement.vi"	Path="/workspace/source/Oauth2/getTokenElement.vi" 
  ### Bad subVI: "Oauth2.lvclass:Read Grant Flow.vi"	Path="/workspace/source/Oauth2/Read Grant Flow.vi" 
  ### Bad subVI: "Oauth2.lvclass:Read Reverse Proxy URI.vi"	Path="/workspace/source/Oauth2/Read Reverse Proxy URI.vi" 
  ### Bad subVI: "Oauth2.lvclass:Get AccessToken Instance.vi"	Path="/workspace/source/Oauth2/Get AccessToken Instance.vi" 
  ### Bad subVI: "Oauth2.lvclass:setEndpointElement.vi"	Path="/workspace/source/Oauth2/setEndpointElement.vi" 
  ### Bad subVI: "Oauth2.lvclass:HTTP_SetAuthorizationHeader.vi"	Path="/workspace/source/Oauth2/HTTP_SetAuthorizationHeader.vi" 
  ### Bad VI:    "Oauth2.lvclass:Configure PKCE.vi"	Path="/workspace/source/Oauth2/Configure PKCE.vi" 
  ### Bad subVI: "Oauth2.lvclass:Configure OAuth.vi"	Path="/workspace/source/Oauth2/Configure OAuth.vi" 
  ### Bad subVI: "Oauth2.lvclass:Inject OAuth Client Type.vi"	Path="/workspace/source/Oauth2/Inject OAuth Client Type.vi" 
  ### Bad VI:    "OAuthClient.lvclass:Read Listener Type.vi"	Path="/workspace/source/OauthClient/Read Listener Type.vi" 
  ### Bad subVI: "Oauth2.lvclass:Write Reverse Proxy URI.vi"	Path="/workspace/source/Oauth2/Write Reverse Proxy URI.vi" 
  ### Bad subVI: "Oauth2.Template.lvclass:decode access token response.vi"	Path="/workspace/source/Oauth2.Template/decode access token response.vi" 
  ### Bad subVI: "Oauth2.Template.lvclass:relative access path.vi"	Path="/workspace/source/Oauth2.Template/relative access path.vi" 
  ### Bad subVI: "OAuthClient.lvclass:Read client handle.vi"	Path="/workspace/source/OauthClient/Read client handle.vi" 
  ### Bad subVI: "OAuthClient.lvclass:Write client handle.vi"	Path="/workspace/source/OauthClient/Write client handle.vi" 
  ### Bad VI:    "OAuthClient.lvclass:Write Listener Type.vi"	Path="/workspace/source/OauthClient/Write Listener Type.vi" 
  ### Bad subVI: "OAuthClient.lvclass:Open Client Handle.vi"	Path="/workspace/source/OauthClient/Open Client Handle.vi" 
  ### Bad subVI: "Oauth2.lvclass:open client handle.vi"	Path="/workspace/source/Oauth2/open client handle.vi" 
  ### Bad subVI: "Oauth2.lvclass:retrieve token.vi"	Path="/workspace/source/Oauth2/retrieve token.vi" 
  ### Bad subVI: "OAuthClient.lvclass:Close Client Handle.vi"	Path="/workspace/source/OauthClient/Close Client Handle.vi" 
  ### Bad subVI: "Oauth2.lvclass:close client handle.vi"	Path="/workspace/source/Oauth2/close client handle.vi" 
  ### Bad VI:    "Oauth2.lvclass:Authorize.vi"	Path="/workspace/source/Oauth2/Authorize.vi" 
  ### Bad subVI: "Oauth2.lvclass:Refresh Authorization.vi"	Path="/workspace/source/Oauth2/Refresh Authorization.vi" 
  ### Bad VI:    "Oauth2.GitHub.lvclass:Initialize OAuth for GitHub.vi"	Path="/workspace/source/Oauth2.Github/Initialize OAuth for GitHub.vi" 
  ### Bad subVI: "Oauth2.GitHub.lvclass:relative access path.vi"	Path="/workspace/source/Oauth2.Github/relative access path.vi" 
  ### Bad subVI: "Oauth2.GitHub.lvclass:decode access token response.vi"	Path="/workspace/source/Oauth2.Github/decode access token response.vi" 
  ### Bad subVI: "Oauth2.GitHub.lvclass:transmit additional endpoints.vi"	Path="/workspace/source/Oauth2.Github/transmit additional endpoints.vi" 
  ### Bad subVI: "Oauth2.GitLab.lvclass:Read Created At.vi"	Path="/workspace/source/Oauth2.GitLab/Read Created At.vi" 
  ### Bad subVI: "Oauth2.GitLab.lvclass:Read Created Timestamp.vi"	Path="/workspace/source/Oauth2.GitLab/Read Created Timestamp.vi" 
  ### Bad VI:    "Oauth2.GitLab.lvclass:Initialize OAuth for GitLab.vi"	Path="/workspace/source/Oauth2.GitLab/Initialize OAuth for GitLab.vi" 
  ### Bad subVI: "Oauth2.GitLab.lvclass:relative access path.vi"	Path="/workspace/source/Oauth2.GitLab/relative access path.vi" 
  ### Bad subVI: "Oauth2.GitLab.lvclass:decode access token response.vi"	Path="/workspace/source/Oauth2.GitLab/decode access token response.vi" 
  ### Bad subVI: "Oauth2.Slack.lvclass:Initialize OAuth for Slack.vi"	Path="/workspace/source/Oauth2.Slack/Initialize OAuth for Slack.vi" 
  ### Bad subVI: "Oauth2.Slack.lvclass:relative access path.vi"	Path="/workspace/source/Oauth2.Slack/relative access path.vi" 
  ### Bad subVI: "Oauth2.Slack.lvclass:decode access token response.vi"	Path="/workspace/source/Oauth2.Slack/decode access token response.vi" 
  ### Bad subVI: "Oauth2.LinkedIn.lvclass:Initialize OAuth for LinkedIn.vi"	Path="/workspace/source/Oauth2.LinkedIn/Initialize OAuth for LinkedIn.vi" 
  ### Bad subVI: "Oauth2.LinkedIn.lvclass:decode access token response.vi"	Path="/workspace/source/Oauth2.LinkedIn/decode access token response.vi" 
  ### Bad subVI: "Oauth2.LinkedIn.lvclass:relative access path.vi"	Path="/workspace/source/Oauth2.LinkedIn/relative access path.vi" 
  ### Bad subVI: "Oauth2.Google.lvclass:Read GoogleAPI URI.vi"	Path="/workspace/source/Oauth2.Google/Read GoogleAPI URI.vi" 
  ### Bad subVI: "Oauth2.Google.lvclass:Write GoogleAPI URI.vi"	Path="/workspace/source/Oauth2.Google/Write GoogleAPI URI.vi" 
  ### Bad subVI: "Oauth2.Google.lvclass:Initialize OAuth for Google.vi"	Path="/workspace/source/Oauth2.Google/Initialize OAuth for Google.vi" 
  ### Bad subVI: "Oauth2.Google.lvclass:decode access token response.vi"	Path="/workspace/source/Oauth2.Google/decode access token response.vi" 
  ### Bad subVI: "Oauth2.Google.lvclass:relative access path.vi"	Path="/workspace/source/Oauth2.Google/relative access path.vi" 
  ### Bad subVI: "Oauth2.Google.lvclass:build token URI.vi"	Path="/workspace/source/Oauth2.Google/build token URI.vi" 
  ### Bad VI:    "Oauth2.Harvest.lvclass:Initialize Oauth for Harvest.vi"	Path="/workspace/source/Oauth2.Harvest/Initialize Oauth for Harvest.vi" 
  ### Bad subVI: "Oauth2.Harvest.lvclass:decode access token response.vi"	Path="/workspace/source/Oauth2.Harvest/decode access token response.vi" 
  ### Bad subVI: "Oauth2.Harvest.lvclass:relative access path.vi"	Path="/workspace/source/Oauth2.Harvest/relative access path.vi" 
  ### Bad subVI: "OAuthClient.lvclass:Query Client for Token.vi"	Path="/workspace/source/OauthClient/Query Client for Token.vi" 
  ### Bad subVI: "Slack OAuth Test.vi"	Path="/workspace/source/Examples/Slack OAuth Test.vi" 
  ### Bad VI:    "Oauth2.lvclass:Oauth2.ctl"	Path="/workspace/source/Oauth2/Oauth2.lvclass/Oauth2.ctl" 
  ### Bad VI:    "OAuthClient.lvclass:OAuthClient.ctl"	Path="/workspace/source/OauthClient/OAuthClient.lvclass/OAuthClient.ctl" 
  ### Bad subVI: "Oauth2.lvclass:transmit additional endpoints.vi"	Path="/workspace/source/Oauth2/transmit additional endpoints.vi" 
  ### Bad subVI: "Oauth2.lvclass:relative access path.vi"	Path="/workspace/source/Oauth2/relative access path.vi" 
  ### Bad subVI: "Oauth2.lvclass:initialize redirection.vi"	Path="/workspace/source/Oauth2/initialize redirection.vi" 
  ### Bad subVI: "Oauth2.lvclass:usesPKCEWorkflow.vi"	Path="/workspace/source/Oauth2/usesPKCEWorkflow.vi" 
  ### Bad subVI: "Oauth2.lvclass:build token URI.vi"	Path="/workspace/source/Oauth2/build token URI.vi" 
  ### Bad subVI: "Oauth2.lvclass:build refresh token URI.vi"	Path="/workspace/source/Oauth2/build refresh token URI.vi" 
  ### Bad subVI: "Oauth2.lvclass:request auth code.vi"	Path="/workspace/source/Oauth2/request auth code.vi" 
  ### Bad subVI: "Oauth2.lvclass:setTokenElement.vi"	Path="/workspace/source/Oauth2/setTokenElement.vi" 
  ### Bad subVI: "Oauth2.lvclass:Find Values.vi"	Path="/workspace/source/Oauth2/Find Values.vi" 
  ### Bad subVI: "Oauth2.lvclass:decode access token response.vi"	Path="/workspace/source/Oauth2/decode access token response.vi" 
  ### Bad VI:    "Oauth2.lvclass:build auth URI.vi"	Path="/workspace/source/Oauth2/build auth URI.vi" 
  ### Bad subVI: "Oauth2.lvclass:Read Client ID.vi"	Path="/workspace/source/Oauth2/Read Client ID.vi" 
  ### Bad subVI: "Oauth2.lvclass:Read Client Secret.vi"	Path="/workspace/source/Oauth2/Read Client Secret.vi" 
  ### Bad subVI: "Oauth2.lvclass:Write scopes.vi"	Path="/workspace/source/Oauth2/Write scopes.vi" 
  ### Bad subVI: "Oauth2.lvclass:Read scopes.vi"	Path="/workspace/source/Oauth2/Read scopes.vi" 
  ### Bad subVI: "Oauth2.lvclass:Write timeout.vi"	Path="/workspace/source/Oauth2/Write timeout.vi" 
  ### Bad subVI: "Oauth2.lvclass:Read timeout.vi"	Path="/workspace/source/Oauth2/Read timeout.vi" 
  ### Bad subVI: "Oauth2.lvclass:Read Redirect URI.vi"	Path="/workspace/source/Oauth2/Read Redirect URI.vi" 
  ### Bad subVI: "Oauth2.lvclass:Write Redirect URI.vi"	Path="/workspace/source/Oauth2/Write Redirect URI.vi" 
  ### Bad subVI: "Oauth2.lvclass:Read AccessToken.vi"	Path="/workspace/source/Oauth2/Read AccessToken.vi" 
  ### Bad subVI: "Oauth2.lvclass:Read RefreshToken.vi"	Path="/workspace/source/Oauth2/Read RefreshToken.vi" 
  ### Bad subVI: "Oauth2.lvclass:Read ExpiresIn.vi"	Path="/workspace/source/Oauth2/Read ExpiresIn.vi" 
  ### Bad subVI: "Oauth2.lvclass:getTokenElement.vi"	Path="/workspace/source/Oauth2/getTokenElement.vi" 
  ### Bad subVI: "Oauth2.lvclass:Read Grant Flow.vi"	Path="/workspace/source/Oauth2/Read Grant Flow.vi" 
  ### Bad subVI: "Oauth2.lvclass:Read Reverse Proxy URI.vi"	Path="/workspace/source/Oauth2/Read Reverse Proxy URI.vi" 
  ### Bad subVI: "Oauth2.lvclass:Get AccessToken Instance.vi"	Path="/workspace/source/Oauth2/Get AccessToken Instance.vi" 
  ### Bad subVI: "Oauth2.lvclass:setEndpointElement.vi"	Path="/workspace/source/Oauth2/setEndpointElement.vi" 
  ### Bad subVI: "Oauth2.lvclass:HTTP_SetAuthorizationHeader.vi"	Path="/workspace/source/Oauth2/HTTP_SetAuthorizationHeader.vi" 
  ### Bad VI:    "Oauth2.lvclass:Configure PKCE.vi"	Path="/workspace/source/Oauth2/Configure PKCE.vi" 
  ### Bad subVI: "Oauth2.lvclass:Configure OAuth.vi"	Path="/workspace/source/Oauth2/Configure OAuth.vi" 
  ### Bad subVI: "Oauth2.lvclass:Inject OAuth Client Type.vi"	Path="/workspace/source/Oauth2/Inject OAuth Client Type.vi" 
  ### Bad VI:    "OAuthClient.lvclass:Read Listener Type.vi"	Path="/workspace/source/OauthClient/Read Listener Type.vi" 
  ### Bad subVI: "Oauth2.lvclass:Write Reverse Proxy URI.vi"	Path="/workspace/source/Oauth2/Write Reverse Proxy URI.vi" 
  ### Bad subVI: "Oauth2.Template.lvclass:decode access token response.vi"	Path="/workspace/source/Oauth2.Template/decode access token response.vi" 
  ### Bad subVI: "Oauth2.Template.lvclass:relative access path.vi"	Path="/workspace/source/Oauth2.Template/relative access path.vi" 
  ### Bad subVI: "OAuthClient.lvclass:Read client handle.vi"	Path="/workspace/source/OauthClient/Read client handle.vi" 
  ### Bad subVI: "OAuthClient.lvclass:Write client handle.vi"	Path="/workspace/source/OauthClient/Write client handle.vi" 
  ### Bad VI:    "OAuthClient.lvclass:Write Listener Type.vi"	Path="/workspace/source/OauthClient/Write Listener Type.vi" 
  ### Bad subVI: "OAuthClient.lvclass:Open Client Handle.vi"	Path="/workspace/source/OauthClient/Open Client Handle.vi" 
  ### Bad subVI: "Oauth2.lvclass:open client handle.vi"	Path="/workspace/source/Oauth2/open client handle.vi" 
  ### Bad subVI: "Oauth2.lvclass:retrieve token.vi"	Path="/workspace/source/Oauth2/retrieve token.vi" 
  ### Bad subVI: "OAuthClient.lvclass:Close Client Handle.vi"	Path="/workspace/source/OauthClient/Close Client Handle.vi" 
  ### Bad subVI: "Oauth2.lvclass:close client handle.vi"	Path="/workspace/source/Oauth2/close client handle.vi" 
  ### Bad VI:    "Oauth2.lvclass:Authorize.vi"	Path="/workspace/source/Oauth2/Authorize.vi" 
  ### Bad subVI: "Oauth2.lvclass:Refresh Authorization.vi"	Path="/workspace/source/Oauth2/Refresh Authorization.vi" 
  ### Bad VI:    "Oauth2.GitHub.lvclass:Initialize OAuth for GitHub.vi"	Path="/workspace/source/Oauth2.Github/Initialize OAuth for GitHub.vi" 
  ### Bad subVI: "Oauth2.GitHub.lvclass:relative access path.vi"	Path="/workspace/source/Oauth2.Github/relative access path.vi" 
  ### Bad subVI: "Oauth2.GitHub.lvclass:decode access token response.vi"	Path="/workspace/source/Oauth2.Github/decode access token response.vi" 
  ### Bad subVI: "Oauth2.GitHub.lvclass:transmit additional endpoints.vi"	Path="/workspace/source/Oauth2.Github/transmit additional endpoints.vi" 
  ### Bad subVI: "Oauth2.GitLab.lvclass:Read Created At.vi"	Path="/workspace/source/Oauth2.GitLab/Read Created At.vi" 
  ### Bad subVI: "Oauth2.GitLab.lvclass:Read Created Timestamp.vi"	Path="/workspace/source/Oauth2.GitLab/Read Created Timestamp.vi" 
  ### Bad VI:    "Oauth2.GitLab.lvclass:Initialize OAuth for GitLab.vi"	Path="/workspace/source/Oauth2.GitLab/Initialize OAuth for GitLab.vi" 
  ### Bad subVI: "Oauth2.GitLab.lvclass:relative access path.vi"	Path="/workspace/source/Oauth2.GitLab/relative access path.vi" 
  ### Bad subVI: "Oauth2.GitLab.lvclass:decode access token response.vi"	Path="/workspace/source/Oauth2.GitLab/decode access token response.vi" 
  ### Bad subVI: "Oauth2.Slack.lvclass:Initialize OAuth for Slack.vi"	Path="/workspace/source/Oauth2.Slack/Initialize OAuth for Slack.vi" 
  ### Bad subVI: "Oauth2.Slack.lvclass:relative access path.vi"	Path="/workspace/source/Oauth2.Slack/relative access path.vi" 
  ### Bad subVI: "Oauth2.Slack.lvclass:decode access token response.vi"	Path="/workspace/source/Oauth2.Slack/decode access token response.vi" 
  ### Bad subVI: "Oauth2.LinkedIn.lvclass:Initialize OAuth for LinkedIn.vi"	Path="/workspace/source/Oauth2.LinkedIn/Initialize OAuth for LinkedIn.vi" 
  ### Bad subVI: "Oauth2.LinkedIn.lvclass:decode access token response.vi"	Path="/workspace/source/Oauth2.LinkedIn/decode access token response.vi" 
  ### Bad subVI: "Oauth2.LinkedIn.lvclass:relative access path.vi"	Path="/workspace/source/Oauth2.LinkedIn/relative access path.vi" 
  ### Bad subVI: "Oauth2.Google.lvclass:Read GoogleAPI URI.vi"	Path="/workspace/source/Oauth2.Google/Read GoogleAPI URI.vi" 
  ### Bad subVI: "Oauth2.Google.lvclass:Write GoogleAPI URI.vi"	Path="/workspace/source/Oauth2.Google/Write GoogleAPI URI.vi" 
  ### Bad subVI: "Oauth2.Google.lvclass:Initialize OAuth for Google.vi"	Path="/workspace/source/Oauth2.Google/Initialize OAuth for Google.vi" 
  ### Bad subVI: "Oauth2.Google.lvclass:decode access token response.vi"	Path="/workspace/source/Oauth2.Google/decode access token response.vi" 
  ### Bad subVI: "Oauth2.Google.lvclass:relative access path.vi"	Path="/workspace/source/Oauth2.Google/relative access path.vi" 
  ### Bad subVI: "Oauth2.Google.lvclass:build token URI.vi"	Path="/workspace/source/Oauth2.Google/build token URI.vi" 
  ### Bad VI:    "Oauth2.Harvest.lvclass:Initialize Oauth for Harvest.vi"	Path="/workspace/source/Oauth2.Harvest/Initialize Oauth for Harvest.vi" 
  ### Bad subVI: "Oauth2.Harvest.lvclass:decode access token response.vi"	Path="/workspace/source/Oauth2.Harvest/decode access token response.vi" 
  ### Bad subVI: "Oauth2.Harvest.lvclass:relative access path.vi"	Path="/workspace/source/Oauth2.Harvest/relative access path.vi" 
  ### Bad subVI: "OAuthClient.lvclass:Query Client for Token.vi"	Path="/workspace/source/OauthClient/Query Client for Token.vi" 
  ### Bad subVI: "GooglePlatform OAuth Test.vi"	Path="/workspace/source/Examples/GooglePlatform OAuth Test.vi" 
  ### Bad VI:    "Oauth2.lvclass:Oauth2.ctl"	Path="/workspace/source/Oauth2/Oauth2.lvclass/Oauth2.ctl" 
  ### Bad VI:    "OAuthClient.lvclass:OAuthClient.ctl"	Path="/workspace/source/OauthClient/OAuthClient.lvclass/OAuthClient.ctl" 
  ### Bad subVI: "Oauth2.lvclass:transmit additional endpoints.vi"	Path="/workspace/source/Oauth2/transmit additional endpoints.vi" 
  ### Bad subVI: "Oauth2.lvclass:relative access path.vi"	Path="/workspace/source/Oauth2/relative access path.vi" 
  ### Bad subVI: "Oauth2.lvclass:initialize redirection.vi"	Path="/workspace/source/Oauth2/initialize redirection.vi" 
  ### Bad subVI: "Oauth2.lvclass:usesPKCEWorkflow.vi"	Path="/workspace/source/Oauth2/usesPKCEWorkflow.vi" 
  ### Bad subVI: "Oauth2.lvclass:build token URI.vi"	Path="/workspace/source/Oauth2/build token URI.vi" 
  ### Bad subVI: "Oauth2.lvclass:build refresh token URI.vi"	Path="/workspace/source/Oauth2/build refresh token URI.vi" 
  ### Bad subVI: "Oauth2.lvclass:request auth code.vi"	Path="/workspace/source/Oauth2/request auth code.vi" 
  ### Bad subVI: "Oauth2.lvclass:setTokenElement.vi"	Path="/workspace/source/Oauth2/setTokenElement.vi" 
  ### Bad subVI: "Oauth2.lvclass:Find Values.vi"	Path="/workspace/source/Oauth2/Find Values.vi" 
  ### Bad subVI: "Oauth2.lvclass:decode access token response.vi"	Path="/workspace/source/Oauth2/decode access token response.vi" 
  ### Bad VI:    "Oauth2.lvclass:build auth URI.vi"	Path="/workspace/source/Oauth2/build auth URI.vi" 
  ### Bad subVI: "Oauth2.lvclass:Read Client ID.vi"	Path="/workspace/source/Oauth2/Read Client ID.vi" 
  ### Bad subVI: "Oauth2.lvclass:Read Client Secret.vi"	Path="/workspace/source/Oauth2/Read Client Secret.vi" 
  ### Bad subVI: "Oauth2.lvclass:Write scopes.vi"	Path="/workspace/source/Oauth2/Write scopes.vi" 
  ### Bad subVI: "Oauth2.lvclass:Read scopes.vi"	Path="/workspace/source/Oauth2/Read scopes.vi" 
  ### Bad subVI: "Oauth2.lvclass:Write timeout.vi"	Path="/workspace/source/Oauth2/Write timeout.vi" 
  ### Bad subVI: "Oauth2.lvclass:Read timeout.vi"	Path="/workspace/source/Oauth2/Read timeout.vi" 
  ### Bad subVI: "Oauth2.lvclass:Read Redirect URI.vi"	Path="/workspace/source/Oauth2/Read Redirect URI.vi" 
  ### Bad subVI: "Oauth2.lvclass:Write Redirect URI.vi"	Path="/workspace/source/Oauth2/Write Redirect URI.vi" 
  ### Bad subVI: "Oauth2.lvclass:Read AccessToken.vi"	Path="/workspace/source/Oauth2/Read AccessToken.vi" 
  ### Bad subVI: "Oauth2.lvclass:Read RefreshToken.vi"	Path="/workspace/source/Oauth2/Read RefreshToken.vi" 
  ### Bad subVI: "Oauth2.lvclass:Read ExpiresIn.vi"	Path="/workspace/source/Oauth2/Read ExpiresIn.vi" 
  ### Bad subVI: "Oauth2.lvclass:getTokenElement.vi"	Path="/workspace/source/Oauth2/getTokenElement.vi" 
  ### Bad subVI: "Oauth2.lvclass:Read Grant Flow.vi"	Path="/workspace/source/Oauth2/Read Grant Flow.vi" 
  ### Bad subVI: "Oauth2.lvclass:Read Reverse Proxy URI.vi"	Path="/workspace/source/Oauth2/Read Reverse Proxy URI.vi" 
  ### Bad subVI: "Oauth2.lvclass:Get AccessToken Instance.vi"	Path="/workspace/source/Oauth2/Get AccessToken Instance.vi" 
  ### Bad subVI: "Oauth2.lvclass:setEndpointElement.vi"	Path="/workspace/source/Oauth2/setEndpointElement.vi" 
  ### Bad subVI: "Oauth2.lvclass:HTTP_SetAuthorizationHeader.vi"	Path="/workspace/source/Oauth2/HTTP_SetAuthorizationHeader.vi" 
  ### Bad VI:    "Oauth2.lvclass:Configure PKCE.vi"	Path="/workspace/source/Oauth2/Configure PKCE.vi" 
  ### Bad subVI: "Oauth2.lvclass:Configure OAuth.vi"	Path="/workspace/source/Oauth2/Configure OAuth.vi" 
  ### Bad subVI: "Oauth2.lvclass:Inject OAuth Client Type.vi"	Path="/workspace/source/Oauth2/Inject OAuth Client Type.vi" 
  ### Bad VI:    "OAuthClient.lvclass:Read Listener Type.vi"	Path="/workspace/source/OauthClient/Read Listener Type.vi" 
  ### Bad subVI: "Oauth2.lvclass:Write Reverse Proxy URI.vi"	Path="/workspace/source/Oauth2/Write Reverse Proxy URI.vi" 
  ### Bad subVI: "Oauth2.Template.lvclass:decode access token response.vi"	Path="/workspace/source/Oauth2.Template/decode access token response.vi" 
  ### Bad subVI: "Oauth2.Template.lvclass:relative access path.vi"	Path="/workspace/source/Oauth2.Template/relative access path.vi" 
  ### Bad subVI: "OAuthClient.lvclass:Read client handle.vi"	Path="/workspace/source/OauthClient/Read client handle.vi" 
  ### Bad subVI: "OAuthClient.lvclass:Write client handle.vi"	Path="/workspace/source/OauthClient/Write client handle.vi" 
  ### Bad VI:    "OAuthClient.lvclass:Write Listener Type.vi"	Path="/workspace/source/OauthClient/Write Listener Type.vi" 
  ### Bad subVI: "OAuthClient.lvclass:Open Client Handle.vi"	Path="/workspace/source/OauthClient/Open Client Handle.vi" 
  ### Bad subVI: "Oauth2.lvclass:open client handle.vi"	Path="/workspace/source/Oauth2/open client handle.vi" 
  ### Bad subVI: "Oauth2.lvclass:retrieve token.vi"	Path="/workspace/source/Oauth2/retrieve token.vi" 
  ### Bad subVI: "OAuthClient.lvclass:Close Client Handle.vi"	Path="/workspace/source/OauthClient/Close Client Handle.vi" 
  ### Bad subVI: "Oauth2.lvclass:close client handle.vi"	Path="/workspace/source/Oauth2/close client handle.vi" 
  ### Bad VI:    "Oauth2.lvclass:Authorize.vi"	Path="/workspace/source/Oauth2/Authorize.vi" 
  ### Bad subVI: "Oauth2.lvclass:Refresh Authorization.vi"	Path="/workspace/source/Oauth2/Refresh Authorization.vi" 
  ### Bad VI:    "Oauth2.GitHub.lvclass:Initialize OAuth for GitHub.vi"	Path="/workspace/source/Oauth2.Github/Initialize OAuth for GitHub.vi" 
  ### Bad subVI: "Oauth2.GitHub.lvclass:relative access path.vi"	Path="/workspace/source/Oauth2.Github/relative access path.vi" 
  ### Bad subVI: "Oauth2.GitHub.lvclass:decode access token response.vi"	Path="/workspace/source/Oauth2.Github/decode access token response.vi" 
  ### Bad subVI: "Oauth2.GitHub.lvclass:transmit additional endpoints.vi"	Path="/workspace/source/Oauth2.Github/transmit additional endpoints.vi" 
  ### Bad subVI: "Oauth2.GitLab.lvclass:Read Created At.vi"	Path="/workspace/source/Oauth2.GitLab/Read Created At.vi" 
  ### Bad subVI: "Oauth2.GitLab.lvclass:Read Created Timestamp.vi"	Path="/workspace/source/Oauth2.GitLab/Read Created Timestamp.vi" 
  ### Bad VI:    "Oauth2.GitLab.lvclass:Initialize OAuth for GitLab.vi"	Path="/workspace/source/Oauth2.GitLab/Initialize OAuth for GitLab.vi" 
  ### Bad subVI: "Oauth2.GitLab.lvclass:relative access path.vi"	Path="/workspace/source/Oauth2.GitLab/relative access path.vi" 
  ### Bad subVI: "Oauth2.GitLab.lvclass:decode access token response.vi"	Path="/workspace/source/Oauth2.GitLab/decode access token response.vi" 
  ### Bad subVI: "Oauth2.Slack.lvclass:Initialize OAuth for Slack.vi"	Path="/workspace/source/Oauth2.Slack/Initialize OAuth for Slack.vi" 
  ### Bad subVI: "Oauth2.Slack.lvclass:relative access path.vi"	Path="/workspace/source/Oauth2.Slack/relative access path.vi" 
  ### Bad subVI: "Oauth2.Slack.lvclass:decode access token response.vi"	Path="/workspace/source/Oauth2.Slack/decode access token response.vi" 
  ### Bad subVI: "Oauth2.LinkedIn.lvclass:Initialize OAuth for LinkedIn.vi"	Path="/workspace/source/Oauth2.LinkedIn/Initialize OAuth for LinkedIn.vi" 
  ### Bad subVI: "Oauth2.LinkedIn.lvclass:decode access token response.vi"	Path="/workspace/source/Oauth2.LinkedIn/decode access token response.vi" 
  ### Bad subVI: "Oauth2.LinkedIn.lvclass:relative access path.vi"	Path="/workspace/source/Oauth2.LinkedIn/relative access path.vi" 
  ### Bad subVI: "Oauth2.Google.lvclass:Read GoogleAPI URI.vi"	Path="/workspace/source/Oauth2.Google/Read GoogleAPI URI.vi" 
  ### Bad subVI: "Oauth2.Google.lvclass:Write GoogleAPI URI.vi"	Path="/workspace/source/Oauth2.Google/Write GoogleAPI URI.vi" 
  ### Bad subVI: "Oauth2.Google.lvclass:Initialize OAuth for Google.vi"	Path="/workspace/source/Oauth2.Google/Initialize OAuth for Google.vi" 
  ### Bad subVI: "Oauth2.Google.lvclass:decode access token response.vi"	Path="/workspace/source/Oauth2.Google/decode access token response.vi" 
  ### Bad subVI: "Oauth2.Google.lvclass:relative access path.vi"	Path="/workspace/source/Oauth2.Google/relative access path.vi" 
  ### Bad subVI: "Oauth2.Google.lvclass:build token URI.vi"	Path="/workspace/source/Oauth2.Google/build token URI.vi" 
  ### Bad VI:    "Oauth2.Harvest.lvclass:Initialize Oauth for Harvest.vi"	Path="/workspace/source/Oauth2.Harvest/Initialize Oauth for Harvest.vi" 
  ### Bad subVI: "Oauth2.Harvest.lvclass:decode access token response.vi"	Path="/workspace/source/Oauth2.Harvest/decode access token response.vi" 
  ### Bad subVI: "Oauth2.Harvest.lvclass:relative access path.vi"	Path="/workspace/source/Oauth2.Harvest/relative access path.vi" 
  ### Bad subVI: "OAuthClient.lvclass:Query Client for Token.vi"	Path="/workspace/source/OauthClient/Query Client for Token.vi" 
  ### Bad subVI: "Harvest OAuth Test.vi"	Path="/workspace/source/Examples/Harvest OAuth Test.vi" 
/workspace/.github/labview/PrintToSingleFileHtml/PrintToSingleFileHtml.lvclass (PrintToSingleFileHtml.lvclass)
    - The class expected to be at "/workspace/.github/labview/CoreOperation/CoreOperation.lvclass" was loaded from "/usr/local/natinst/share/nilvcli/Operations/CoreOperation/CoreOperation.lvclass".
Search failed to find "LV AI Core.lvlib:XML generator.vi" previously from "/workspace/.github/labview/toimages/_ni/labview/lvctl/vis/LV AI Core/XML generator.vi"  +=+   Caller: "VI to XML.vi"
  ### Bad VI:    "VI to XML.vi"	Path="/workspace/.github/labview/toimages/_ni/labview/lvctl/vis/VI to XML.vi" 
Search failed to find "LV AI Core.lvlib:VI generator.vi" previously from "/workspace/.github/labview/toimages/_ni/labview/lvctl/vis/LV AI Core/VI generator.vi"  +=+   Caller: "XML to VI.vi"
  ### Bad VI:    "XML to VI.vi"	Path="/workspace/.github/labview/toimages/_ni/labview/lvctl/vis/XML to VI.vi" 
#### Finished Mass Compile: Thu, Sep 24, 2026 11:07:50 AM

MassCompile operation failed.

